[0.519s] Invoking command in '/home/godfrey/robotics_ws/src/basics': DEBUGINFOD_URLS=https://debuginfod.ubuntu.com PYTHONPATH=/home/godfrey/robotics_ws/build/basics/prefix_override:/usr/lib/python3/dist-packages/colcon_core/task/python/colcon_distutils_commands:/home/godfrey/robotics_ws/install/basics/lib/python3.12/site-packages:${PYTHONPATH} /usr/bin/python3 -W ignore:setup.py install is deprecated -W ignore:easy_install command is deprecated setup.py egg_info --egg-base ../../build/basics build --build-base /home/godfrey/robotics_ws/build/basics/build install --record /home/godfrey/robotics_ws/build/basics/install.log --install-scripts $base/lib/basics --single-version-externally-managed install_data
[0.635s] running egg_info
[0.635s] creating ../../build/basics/basics.egg-info
[0.641s] writing ../../build/basics/basics.egg-info/PKG-INFO
[0.642s] writing dependency_links to ../../build/basics/basics.egg-info/dependency_links.txt
[0.642s] writing requirements to ../../build/basics/basics.egg-info/requires.txt
[0.642s] writing top-level names to ../../build/basics/basics.egg-info/top_level.txt
[0.642s] writing manifest file '../../build/basics/basics.egg-info/SOURCES.txt'
[0.654s] reading manifest file '../../build/basics/basics.egg-info/SOURCES.txt'
[0.655s] writing manifest file '../../build/basics/basics.egg-info/SOURCES.txt'
[0.655s] running build
[0.655s] running build_py
[0.655s] creating /home/godfrey/robotics_ws/build/basics/build
[0.655s] creating /home/godfrey/robotics_ws/build/basics/build/lib
[0.655s] creating /home/godfrey/robotics_ws/build/basics/build/lib/basics
[0.655s] copying basics/__init__.py -> /home/godfrey/robotics_ws/build/basics/build/lib/basics
[0.655s] running install
[0.658s] running install_lib
[0.665s] creating /home/godfrey/robotics_ws/install/basics/lib/python3.12/site-packages/basics
[0.665s] copying /home/godfrey/robotics_ws/build/basics/build/lib/basics/__init__.py -> /home/godfrey/robotics_ws/install/basics/lib/python3.12/site-packages/basics
[0.665s] byte-compiling /home/godfrey/robotics_ws/install/basics/lib/python3.12/site-packages/basics/__init__.py to __init__.cpython-312.pyc
[0.665s] running install_data
[0.665s] creating /home/godfrey/robotics_ws/install/basics/share/ament_index
[0.665s] creating /home/godfrey/robotics_ws/install/basics/share/ament_index/resource_index
[0.665s] creating /home/godfrey/robotics_ws/install/basics/share/ament_index/resource_index/packages
[0.665s] copying resource/basics -> /home/godfrey/robotics_ws/install/basics/share/ament_index/resource_index/packages
[0.665s] copying package.xml -> /home/godfrey/robotics_ws/install/basics/share/basics
[0.665s] running install_egg_info
[0.672s] Copying ../../build/basics/basics.egg-info to /home/godfrey/robotics_ws/install/basics/lib/python3.12/site-packages/basics-0.0.0-py3.12.egg-info
[0.672s] running install_scripts
[0.731s] writing list of installed files to '/home/godfrey/robotics_ws/build/basics/install.log'
[0.746s] Invoked command in '/home/godfrey/robotics_ws/src/basics' returned '0': DEBUGINFOD_URLS=https://debuginfod.ubuntu.com PYTHONPATH=/home/godfrey/robotics_ws/build/basics/prefix_override:/usr/lib/python3/dist-packages/colcon_core/task/python/colcon_distutils_commands:/home/godfrey/robotics_ws/install/basics/lib/python3.12/site-packages:${PYTHONPATH} /usr/bin/python3 -W ignore:setup.py install is deprecated -W ignore:easy_install command is deprecated setup.py egg_info --egg-base ../../build/basics build --build-base /home/godfrey/robotics_ws/build/basics/build install --record /home/godfrey/robotics_ws/build/basics/install.log --install-scripts $base/lib/basics --single-version-externally-managed install_data
