[0.531s] Invoking command in '/home/godfrey/robotics_ws/src/basics': DEBUGINFOD_URLS=https://debuginfod.ubuntu.com PYTHONPATH=/home/godfrey/robotics_ws/build/basics/prefix_override:/usr/lib/python3/dist-packages/colcon_core/task/python/colcon_distutils_commands:/home/godfrey/robotics_ws/install/basics/lib/python3.12/site-packages:${PYTHONPATH} /usr/bin/python3 -W ignore:setup.py install is deprecated -W ignore:easy_install command is deprecated setup.py egg_info --egg-base ../../build/basics build --build-base /home/godfrey/robotics_ws/build/basics/build install --record /home/godfrey/robotics_ws/build/basics/install.log --install-scripts $base/lib/basics --single-version-externally-managed install_data
[0.656s] running egg_info
[0.663s] writing ../../build/basics/basics.egg-info/PKG-INFO
[0.663s] writing dependency_links to ../../build/basics/basics.egg-info/dependency_links.txt
[0.663s] writing entry points to ../../build/basics/basics.egg-info/entry_points.txt
[0.664s] writing requirements to ../../build/basics/basics.egg-info/requires.txt
[0.664s] writing top-level names to ../../build/basics/basics.egg-info/top_level.txt
[0.677s] reading manifest file '../../build/basics/basics.egg-info/SOURCES.txt'
[0.677s] writing manifest file '../../build/basics/basics.egg-info/SOURCES.txt'
[0.678s] running build
[0.678s] running build_py
[0.678s] running install
[0.681s] running install_lib
[0.689s] running install_data
[0.689s] running install_egg_info
[0.696s] removing '/home/godfrey/robotics_ws/install/basics/lib/python3.12/site-packages/basics-0.0.0-py3.12.egg-info' (and everything under it)
[0.696s] Copying ../../build/basics/basics.egg-info to /home/godfrey/robotics_ws/install/basics/lib/python3.12/site-packages/basics-0.0.0-py3.12.egg-info
[0.697s] running install_scripts
[0.763s] Installing velocity_publisher script to /home/godfrey/robotics_ws/install/basics/lib/basics
[0.763s] writing list of installed files to '/home/godfrey/robotics_ws/build/basics/install.log'
[0.779s] Invoked command in '/home/godfrey/robotics_ws/src/basics' returned '0': DEBUGINFOD_URLS=https://debuginfod.ubuntu.com PYTHONPATH=/home/godfrey/robotics_ws/build/basics/prefix_override:/usr/lib/python3/dist-packages/colcon_core/task/python/colcon_distutils_commands:/home/godfrey/robotics_ws/install/basics/lib/python3.12/site-packages:${PYTHONPATH} /usr/bin/python3 -W ignore:setup.py install is deprecated -W ignore:easy_install command is deprecated setup.py egg_info --egg-base ../../build/basics build --build-base /home/godfrey/robotics_ws/build/basics/build install --record /home/godfrey/robotics_ws/build/basics/install.log --install-scripts $base/lib/basics --single-version-externally-managed install_data
