[0.057s] DEBUG:colcon:Command line arguments: ['/usr/bin/colcon', 'build', '--packages-select', 'basics']
[0.057s] DEBUG:colcon:Parsed command line arguments: Namespace(log_base=None, log_level=None, verb_name='build', build_base='build', install_base='install', merge_install=False, symlink_install=False, test_result_base=None, continue_on_error=False, executor='parallel', parallel_workers=1, event_handlers=None, ignore_user_meta=False, metas=['./colcon.meta'], base_paths=['.'], packages_ignore=None, packages_ignore_regex=None, paths=None, packages_up_to=None, packages_up_to_regex=None, packages_above=None, packages_above_and_dependencies=None, packages_above_depth=None, packages_select_by_dep=None, packages_skip_by_dep=None, packages_skip_up_to=None, packages_select_build_failed=False, packages_skip_build_finished=False, packages_select_test_failures=False, packages_skip_test_passed=False, packages_select=['basics'], packages_skip=None, packages_select_regex=None, packages_skip_regex=None, packages_start=None, packages_end=None, cmake_args=None, cmake_target=None, cmake_target_skip_unavailable=False, cmake_clean_cache=False, cmake_clean_first=False, cmake_force_configure=False, ament_cmake_args=None, catkin_cmake_args=None, catkin_skip_building_tests=False, verb_parser=<colcon_defaults.argument_parser.defaults.DefaultArgumentsDecorator object at 0xe03b4e64f8c0>, verb_extension=<colcon_core.verb.build.BuildVerb object at 0xe03b4e5f2ff0>, main=<bound method BuildVerb.main of <colcon_core.verb.build.BuildVerb object at 0xe03b4e5f2ff0>>)
[0.079s] Level 1:colcon.colcon_core.package_discovery:discover_packages(colcon_meta) check parameters
[0.079s] Level 1:colcon.colcon_core.package_discovery:discover_packages(recursive) check parameters
[0.079s] Level 1:colcon.colcon_core.package_discovery:discover_packages(ignore) check parameters
[0.079s] Level 1:colcon.colcon_core.package_discovery:discover_packages(path) check parameters
[0.079s] Level 1:colcon.colcon_core.package_discovery:discover_packages(colcon_meta) discover
[0.079s] Level 1:colcon.colcon_core.package_discovery:discover_packages(recursive) discover
[0.079s] INFO:colcon.colcon_core.package_discovery:Crawling recursively for packages in '/home/godfrey/robotics_ws'
[0.079s] Level 1:colcon.colcon_core.package_identification:_identify(.) by extensions ['ignore', 'ignore_ament_install']
[0.079s] Level 1:colcon.colcon_core.package_identification:_identify(.) by extension 'ignore'
[0.079s] Level 1:colcon.colcon_core.package_identification:_identify(.) by extension 'ignore_ament_install'
[0.079s] Level 1:colcon.colcon_core.package_identification:_identify(.) by extensions ['colcon_pkg']
[0.079s] Level 1:colcon.colcon_core.package_identification:_identify(.) by extension 'colcon_pkg'
[0.079s] Level 1:colcon.colcon_core.package_identification:_identify(.) by extensions ['colcon_meta']
[0.079s] Level 1:colcon.colcon_core.package_identification:_identify(.) by extension 'colcon_meta'
[0.079s] Level 1:colcon.colcon_core.package_identification:_identify(.) by extensions ['ros']
[0.079s] Level 1:colcon.colcon_core.package_identification:_identify(.) by extension 'ros'
[0.095s] Level 1:colcon.colcon_core.package_identification:_identify(.) by extensions ['cmake', 'python']
[0.095s] Level 1:colcon.colcon_core.package_identification:_identify(.) by extension 'cmake'
[0.095s] Level 1:colcon.colcon_core.package_identification:_identify(.) by extension 'python'
[0.095s] Level 1:colcon.colcon_core.package_identification:_identify(.) by extensions ['python_setup_py']
[0.095s] Level 1:colcon.colcon_core.package_identification:_identify(.) by extension 'python_setup_py'
[0.095s] Level 1:colcon.colcon_core.package_identification:_identify(build) by extensions ['ignore', 'ignore_ament_install']
[0.095s] Level 1:colcon.colcon_core.package_identification:_identify(build) by extension 'ignore'
[0.095s] Level 1:colcon.colcon_core.package_identification:_identify(build) ignored
[0.095s] Level 1:colcon.colcon_core.package_identification:_identify(install) by extensions ['ignore', 'ignore_ament_install']
[0.096s] Level 1:colcon.colcon_core.package_identification:_identify(install) by extension 'ignore'
[0.096s] Level 1:colcon.colcon_core.package_identification:_identify(install) ignored
[0.096s] Level 1:colcon.colcon_core.package_identification:_identify(log) by extensions ['ignore', 'ignore_ament_install']
[0.096s] Level 1:colcon.colcon_core.package_identification:_identify(log) by extension 'ignore'
[0.096s] Level 1:colcon.colcon_core.package_identification:_identify(log) ignored
[0.096s] Level 1:colcon.colcon_core.package_identification:_identify(src) by extensions ['ignore', 'ignore_ament_install']
[0.096s] Level 1:colcon.colcon_core.package_identification:_identify(src) by extension 'ignore'
[0.096s] Level 1:colcon.colcon_core.package_identification:_identify(src) by extension 'ignore_ament_install'
[0.096s] Level 1:colcon.colcon_core.package_identification:_identify(src) by extensions ['colcon_pkg']
[0.096s] Level 1:colcon.colcon_core.package_identification:_identify(src) by extension 'colcon_pkg'
[0.096s] Level 1:colcon.colcon_core.package_identification:_identify(src) by extensions ['colcon_meta']
[0.096s] Level 1:colcon.colcon_core.package_identification:_identify(src) by extension 'colcon_meta'
[0.096s] Level 1:colcon.colcon_core.package_identification:_identify(src) by extensions ['ros']
[0.096s] Level 1:colcon.colcon_core.package_identification:_identify(src) by extension 'ros'
[0.096s] Level 1:colcon.colcon_core.package_identification:_identify(src) by extensions ['cmake', 'python']
[0.096s] Level 1:colcon.colcon_core.package_identification:_identify(src) by extension 'cmake'
[0.096s] Level 1:colcon.colcon_core.package_identification:_identify(src) by extension 'python'
[0.096s] Level 1:colcon.colcon_core.package_identification:_identify(src) by extensions ['python_setup_py']
[0.096s] Level 1:colcon.colcon_core.package_identification:_identify(src) by extension 'python_setup_py'
[0.096s] Level 1:colcon.colcon_core.package_identification:_identify(src/basics) by extensions ['ignore', 'ignore_ament_install']
[0.096s] Level 1:colcon.colcon_core.package_identification:_identify(src/basics) by extension 'ignore'
[0.096s] Level 1:colcon.colcon_core.package_identification:_identify(src/basics) by extension 'ignore_ament_install'
[0.096s] Level 1:colcon.colcon_core.package_identification:_identify(src/basics) by extensions ['colcon_pkg']
[0.096s] Level 1:colcon.colcon_core.package_identification:_identify(src/basics) by extension 'colcon_pkg'
[0.096s] Level 1:colcon.colcon_core.package_identification:_identify(src/basics) by extensions ['colcon_meta']
[0.096s] Level 1:colcon.colcon_core.package_identification:_identify(src/basics) by extension 'colcon_meta'
[0.096s] Level 1:colcon.colcon_core.package_identification:_identify(src/basics) by extensions ['ros']
[0.096s] Level 1:colcon.colcon_core.package_identification:_identify(src/basics) by extension 'ros'
[0.098s] DEBUG:colcon.colcon_core.package_identification:Package 'src/basics' with type 'ros.ament_python' and name 'basics'
[0.098s] Level 1:colcon.colcon_core.package_discovery:discover_packages(recursive) using defaults
[0.098s] Level 1:colcon.colcon_core.package_discovery:discover_packages(ignore) discover
[0.098s] Level 1:colcon.colcon_core.package_discovery:discover_packages(ignore) using defaults
[0.098s] Level 1:colcon.colcon_core.package_discovery:discover_packages(path) discover
[0.098s] Level 1:colcon.colcon_core.package_discovery:discover_packages(path) using defaults
[0.107s] Level 5:colcon.colcon_core.verb:set package 'basics' build argument 'cmake_args' from command line to 'None'
[0.107s] Level 5:colcon.colcon_core.verb:set package 'basics' build argument 'cmake_target' from command line to 'None'
[0.107s] Level 5:colcon.colcon_core.verb:set package 'basics' build argument 'cmake_target_skip_unavailable' from command line to 'False'
[0.107s] Level 5:colcon.colcon_core.verb:set package 'basics' build argument 'cmake_clean_cache' from command line to 'False'
[0.107s] Level 5:colcon.colcon_core.verb:set package 'basics' build argument 'cmake_clean_first' from command line to 'False'
[0.107s] Level 5:colcon.colcon_core.verb:set package 'basics' build argument 'cmake_force_configure' from command line to 'False'
[0.107s] Level 5:colcon.colcon_core.verb:set package 'basics' build argument 'ament_cmake_args' from command line to 'None'
[0.107s] Level 5:colcon.colcon_core.verb:set package 'basics' build argument 'catkin_cmake_args' from command line to 'None'
[0.107s] Level 5:colcon.colcon_core.verb:set package 'basics' build argument 'catkin_skip_building_tests' from command line to 'False'
[0.107s] DEBUG:colcon.colcon_core.verb:Building package 'basics' with the following arguments: {'ament_cmake_args': None, 'build_base': '/home/godfrey/robotics_ws/build/basics', 'catkin_cmake_args': None, 'catkin_skip_building_tests': False, 'cmake_args': None, 'cmake_clean_cache': False, 'cmake_clean_first': False, 'cmake_force_configure': False, 'cmake_target': None, 'cmake_target_skip_unavailable': False, 'install_base': '/home/godfrey/robotics_ws/install/basics', 'merge_install': False, 'path': '/home/godfrey/robotics_ws/src/basics', 'symlink_install': False, 'test_result_base': None}
[0.107s] INFO:colcon.colcon_core.executor:Executing jobs using 'parallel' executor
[0.108s] DEBUG:colcon.colcon_parallel_executor.executor.parallel:run_until_complete
[0.108s] INFO:colcon.colcon_ros.task.ament_python.build:Building ROS package in '/home/godfrey/robotics_ws/src/basics' with build type 'ament_python'
[0.109s] Level 1:colcon.colcon_core.shell:create_environment_hook('basics', 'ament_prefix_path')
[0.109s] INFO:colcon.colcon_core.plugin_system:Skipping extension 'colcon_core.shell.bat': Not used on non-Windows systems
[0.110s] INFO:colcon.colcon_core.shell:Creating environment descriptor '/home/godfrey/robotics_ws/install/basics/share/basics/hook/ament_prefix_path.dsv'
[0.111s] INFO:colcon.colcon_core.shell:Creating environment hook '/home/godfrey/robotics_ws/install/basics/share/basics/hook/ament_prefix_path.sh'
[0.111s] DEBUG:colcon.colcon_core.shell:Skip shell extension 'dsv' for command environment
[0.249s] INFO:colcon.colcon_core.task.python.build:Building Python package in '/home/godfrey/robotics_ws/src/basics'
[0.250s] DEBUG:colcon.colcon_core.shell:Skip shell extension 'dsv' for command environment
[0.526s] DEBUG:colcon.colcon_core.task.python.build:Available setuptools commands: develop, install_lib, rotate, build_scripts, update_catalog, setopt, bdist, init_catalog, alias, clean, upload, bdist_rpm, install_scripts, bdist_egg, egg_info, install, upload_docs, install_data, check, sdist, saveopts, register, easy_install, build, build_ext, editable_wheel, build_clib, symlink_data, install_headers, dist_info, test, install_egg_info, build_py, extract_messages, bdist_dumb, compile_catalog
[0.527s] DEBUG:colcon.colcon_core.event_handler.log_command:Invoking command in '/home/godfrey/robotics_ws/src/basics': DEBUGINFOD_URLS=https://debuginfod.ubuntu.com PYTHONPATH=/home/godfrey/robotics_ws/build/basics/prefix_override:/usr/lib/python3/dist-packages/colcon_core/task/python/colcon_distutils_commands:/home/godfrey/robotics_ws/install/basics/lib/python3.12/site-packages:${PYTHONPATH} /usr/bin/python3 -W ignore:setup.py install is deprecated -W ignore:easy_install command is deprecated setup.py egg_info --egg-base ../../build/basics build --build-base /home/godfrey/robotics_ws/build/basics/build install --record /home/godfrey/robotics_ws/build/basics/install.log --install-scripts $base/lib/basics --single-version-externally-managed install_data
[0.775s] DEBUG:colcon.colcon_core.event_handler.log_command:Invoked command in '/home/godfrey/robotics_ws/src/basics' returned '0': DEBUGINFOD_URLS=https://debuginfod.ubuntu.com PYTHONPATH=/home/godfrey/robotics_ws/build/basics/prefix_override:/usr/lib/python3/dist-packages/colcon_core/task/python/colcon_distutils_commands:/home/godfrey/robotics_ws/install/basics/lib/python3.12/site-packages:${PYTHONPATH} /usr/bin/python3 -W ignore:setup.py install is deprecated -W ignore:easy_install command is deprecated setup.py egg_info --egg-base ../../build/basics build --build-base /home/godfrey/robotics_ws/build/basics/build install --record /home/godfrey/robotics_ws/build/basics/install.log --install-scripts $base/lib/basics --single-version-externally-managed install_data
[0.776s] Level 1:colcon.colcon_core.environment:checking '/home/godfrey/robotics_ws/install/basics' for CMake module files
[0.776s] Level 1:colcon.colcon_core.environment:checking '/home/godfrey/robotics_ws/install/basics' for CMake config files
[0.776s] Level 1:colcon.colcon_core.environment:checking '/home/godfrey/robotics_ws/install/basics/lib'
[0.777s] Level 1:colcon.colcon_core.environment:checking '/home/godfrey/robotics_ws/install/basics/bin'
[0.777s] Level 1:colcon.colcon_core.environment:checking '/home/godfrey/robotics_ws/install/basics/lib/pkgconfig/basics.pc'
[0.777s] Level 1:colcon.colcon_core.environment:checking '/home/godfrey/robotics_ws/install/basics/lib/python3.12/site-packages'
[0.777s] Level 1:colcon.colcon_core.shell:create_environment_hook('basics', 'pythonpath')
[0.777s] INFO:colcon.colcon_core.shell:Creating environment descriptor '/home/godfrey/robotics_ws/install/basics/share/basics/hook/pythonpath.dsv'
[0.777s] INFO:colcon.colcon_core.shell:Creating environment hook '/home/godfrey/robotics_ws/install/basics/share/basics/hook/pythonpath.sh'
[0.777s] Level 1:colcon.colcon_core.environment:checking '/home/godfrey/robotics_ws/install/basics/bin'
[0.777s] Level 1:colcon.colcon_core.environment:create_environment_scripts_only(basics)
[0.777s] INFO:colcon.colcon_core.shell:Creating package descriptor '/home/godfrey/robotics_ws/install/basics/share/basics/package.dsv'
[0.778s] INFO:colcon.colcon_core.shell:Creating package script '/home/godfrey/robotics_ws/install/basics/share/basics/package.sh'
[0.778s] INFO:colcon.colcon_core.shell:Creating package script '/home/godfrey/robotics_ws/install/basics/share/basics/package.bash'
[0.778s] INFO:colcon.colcon_core.shell:Creating package script '/home/godfrey/robotics_ws/install/basics/share/basics/package.zsh'
[0.778s] Level 1:colcon.colcon_core.environment:create_file_with_runtime_dependencies(/home/godfrey/robotics_ws/install/basics/share/colcon-core/packages/basics)
[0.781s] DEBUG:colcon.colcon_parallel_executor.executor.parallel:closing loop
[0.781s] DEBUG:colcon.colcon_parallel_executor.executor.parallel:loop closed
[0.781s] DEBUG:colcon.colcon_parallel_executor.executor.parallel:run_until_complete finished with '0'
[0.781s] DEBUG:colcon.colcon_core.event_reactor:joining thread
[0.785s] INFO:colcon.colcon_core.plugin_system:Skipping extension 'colcon_notification.desktop_notification.terminal_notifier': Not used on non-Darwin systems
[0.786s] INFO:colcon.colcon_core.plugin_system:Skipping extension 'colcon_notification.desktop_notification.win32': Not used on non-Windows systems
[0.786s] INFO:colcon.colcon_notification.desktop_notification:Sending desktop notification using 'notify2'
[0.811s] DEBUG:colcon.colcon_core.event_reactor:joined thread
[0.811s] INFO:colcon.colcon_core.shell:Creating prefix script '/home/godfrey/robotics_ws/install/local_setup.sh'
[0.812s] INFO:colcon.colcon_core.shell:Creating prefix util module '/home/godfrey/robotics_ws/install/_local_setup_util_sh.py'
[0.816s] INFO:colcon.colcon_core.shell:Creating prefix chain script '/home/godfrey/robotics_ws/install/setup.sh'
[0.818s] INFO:colcon.colcon_core.shell:Creating prefix script '/home/godfrey/robotics_ws/install/local_setup.bash'
[0.820s] INFO:colcon.colcon_core.shell:Creating prefix chain script '/home/godfrey/robotics_ws/install/setup.bash'
[0.820s] INFO:colcon.colcon_core.shell:Creating prefix script '/home/godfrey/robotics_ws/install/local_setup.zsh'
[0.820s] INFO:colcon.colcon_core.shell:Creating prefix chain script '/home/godfrey/robotics_ws/install/setup.zsh'
